Release 14.7 - xst P.20131013 (nt64)
Copyright (c) 1995-2013 Xilinx, Inc.  All rights reserved.
--> Parameter TMPDIR set to xst/projnav.tmp


Total REAL time to Xst completion: 0.00 secs
Total CPU time to Xst completion: 0.16 secs
 
--> Parameter xsthdpdir set to xst


Total REAL time to Xst completion: 0.00 secs
Total CPU time to Xst completion: 0.16 secs
 
--> Reading design: gen_dir.prj

TABLE OF CONTENTS
  1) Synthesis Options Summary
  2) HDL Parsing
  3) HDL Elaboration
  4) HDL Synthesis
       4.1) HDL Synthesis Report
  5) Advanced HDL Synthesis
       5.1) Advanced HDL Synthesis Report
  6) Low Level Synthesis
  7) Partition Report
  8) Design Summary
       8.1) Primitive and Black Box Usage
       8.2) Device utilization summary
       8.3) Partition Resource Summary
       8.4) Timing Report
            8.4.1) Clock Information
            8.4.2) Asynchronous Control Signals Information
            8.4.3) Timing Summary
            8.4.4) Timing Details
            8.4.5) Cross Clock Domains Report


=========================================================================
*                      Synthesis Options Summary                        *
=========================================================================
---- Source Parameters
Input File Name                    : "gen_dir.prj"
Ignore Synthesis Constraint File   : NO

---- Target Parameters
Output File Name                   : "gen_dir"
Output Format                      : NGC
Target Device                      : xc6slx45-3-csg324

---- Source Options
Top Module Name                    : gen_dir
Automatic FSM Extraction           : YES
FSM Encoding Algorithm             : Auto
Safe Implementation                : No
FSM Style                          : LUT
RAM Extraction                     : Yes
RAM Style                          : Auto
ROM Extraction                     : Yes
Shift Register Extraction          : YES
ROM Style                          : Auto
Resource Sharing                   : YES
Asynchronous To Synchronous        : NO
Shift Register Minimum Size        : 2
Use DSP Block                      : Auto
Automatic Register Balancing       : No

---- Target Options
LUT Combining                      : Auto
Reduce Control Sets                : Auto
Add IO Buffers                     : YES
Global Maximum Fanout              : 100000
Add Generic Clock Buffer(BUFG)     : 16
Register Duplication               : YES
Optimize Instantiated Primitives   : NO
Use Clock Enable                   : Auto
Use Synchronous Set                : Auto
Use Synchronous Reset              : Auto
Pack IO Registers into IOBs        : Auto
Equivalent register Removal        : YES

---- General Options
Optimization Goal                  : Speed
Optimization Effort                : 1
Power Reduction                    : NO
Keep Hierarchy                     : No
Netlist Hierarchy                  : As_Optimized
RTL Output                         : Yes
Global Optimization                : AllClockNets
Read Cores                         : YES
Write Timing Constraints           : NO
Cross Clock Analysis               : NO
Hierarchy Separator                : /
Bus Delimiter                      : <>
Case Specifier                     : Maintain
Slice Utilization Ratio            : 100
BRAM Utilization Ratio             : 100
DSP48 Utilization Ratio            : 100
Auto BRAM Packing                  : NO
Slice Utilization Ratio Delta      : 5

=========================================================================


=========================================================================
*                          HDL Parsing                                  *
=========================================================================
Parsing VHDL file "C:\Users\christopher\Dropbox\workspace\modelado14\gen_dir\gen_dir.vhd" into library work
Parsing entity <gen_dir>.
Parsing architecture <rtl> of entity <gen_dir>.

=========================================================================
*                            HDL Elaboration                            *
=========================================================================

Elaborating entity <gen_dir> (architecture <rtl>) with generics from library <work>.

=========================================================================
*                           HDL Synthesis                               *
=========================================================================

Synthesizing Unit <gen_dir>.
    Related source file is "C:\Users\christopher\Dropbox\workspace\modelado14\gen_dir\gen_dir.vhd".
        N = 68
    Found 1-bit register for signal <state>.
    Found 1-bit register for signal <DATO_OK>.
    Found 1-bit register for signal <CE>.
    Found 7-bit register for signal <prescalerCounter>.
    Found 8-bit register for signal <valor_freq>.
    Found 16-bit register for signal <cnt>.
    Found 7-bit adder for signal <prescalerCounter[6]_GND_4_o_add_0_OUT> created at line 1241.
    Found 16-bit adder for signal <valor_freq_comm> created at line 84.
    Summary:
	inferred   2 Adder/Subtractor(s).
	inferred  34 D-type flip-flop(s).
	inferred   1 Multiplexer(s).
Unit <gen_dir> synthesized.

=========================================================================
HDL Synthesis Report

Macro Statistics
# Adders/Subtractors                                   : 2
 16-bit adder                                          : 1
 7-bit adder                                           : 1
# Registers                                            : 6
 1-bit register                                        : 3
 16-bit register                                       : 1
 7-bit register                                        : 1
 8-bit register                                        : 1
# Multiplexers                                         : 1
 7-bit 2-to-1 multiplexer                              : 1

=========================================================================

=========================================================================
*                       Advanced HDL Synthesis                          *
=========================================================================


Synthesizing (advanced) Unit <gen_dir>.
The following registers are absorbed into accumulator <cnt>: 1 register on signal <cnt>.
The following registers are absorbed into counter <prescalerCounter>: 1 register on signal <prescalerCounter>.
Unit <gen_dir> synthesized (advanced).

=========================================================================
Advanced HDL Synthesis Report

Macro Statistics
# Counters                                             : 1
 7-bit up counter                                      : 1
# Accumulators                                         : 1
 16-bit up accumulator                                 : 1
# Registers                                            : 11
 Flip-Flops                                            : 11

=========================================================================

=========================================================================
*                         Low Level Synthesis                           *
=========================================================================

Optimizing unit <gen_dir> ...

Mapping all equations...
Building and optimizing final netlist ...
Found area constraint ratio of 100 (+ 5) on block gen_dir, actual ratio is 0.

Final Macro Processing ...

=========================================================================
Final Register Report

Macro Statistics
# Registers                                            : 34
 Flip-Flops                                            : 34

=========================================================================

=========================================================================
*                           Partition Report                            *
=========================================================================

Partition Implementation Status
-------------------------------

  No Partitions were found in this design.

-------------------------------

=========================================================================
*                            Design Summary                             *
=========================================================================

Top Level Output File Name         : gen_dir.ngc

Primitive and Black Box Usage:
------------------------------
# BELS                             : 67
#      GND                         : 1
#      LUT1                        : 8
#      LUT2                        : 11
#      LUT4                        : 5
#      LUT5                        : 2
#      LUT6                        : 8
#      MUXCY                       : 15
#      MUXF7                       : 1
#      XORCY                       : 16
# FlipFlops/Latches                : 34
#      FDC                         : 10
#      FDCE                        : 24
# Clock Buffers                    : 1
#      BUFGP                       : 1
# IO Buffers                       : 28
#      IBUF                        : 19
#      OBUF                        : 9

Device utilization summary:
---------------------------

Selected Device : 6slx45csg324-3 


Slice Logic Utilization: 
 Number of Slice Registers:              34  out of  54576     0%  
 Number of Slice LUTs:                   34  out of  27288     0%  
    Number used as Logic:                34  out of  27288     0%  

Slice Logic Distribution: 
 Number of LUT Flip Flop pairs used:     41
   Number with an unused Flip Flop:       7  out of     41    17%  
   Number with an unused LUT:             7  out of     41    17%  
   Number of fully used LUT-FF pairs:    27  out of     41    65%  
   Number of unique control sets:         3

IO Utilization: 
 Number of IOs:                          29
 Number of bonded IOBs:                  29  out of    218    13%  

Specific Feature Utilization:
 Number of BUFG/BUFGCTRLs:                1  out of     16     6%  

---------------------------
Partition Resource Summary:
---------------------------

  No Partitions were found in this design.

---------------------------


=========================================================================
Timing Report

NOTE: THESE TIMING NUMBERS ARE ONLY A SYNTHESIS ESTIMATE.
      FOR ACCURATE TIMING INFORMATION PLEASE REFER TO THE TRACE REPORT
      GENERATED AFTER PLACE-and-ROUTE.

Clock Information:
------------------
-----------------------------------+------------------------+-------+
Clock Signal                       | Clock buffer(FF name)  | Load  |
-----------------------------------+------------------------+-------+
CLK                                | BUFGP                  | 34    |
-----------------------------------+------------------------+-------+

Asynchronous Control Signals Information:
----------------------------------------
No asynchronous control signals found in this design

Timing Summary:
---------------
Speed Grade: -3

   Minimum period: 2.746ns (Maximum Frequency: 364.153MHz)
   Minimum input arrival time before clock: 3.598ns
   Maximum output required time after clock: 3.668ns
   Maximum combinational path delay: No path found

Timing Details:
---------------
All values displayed in nanoseconds (ns)

=========================================================================
Timing constraint: Default period analysis for Clock 'CLK'
  Clock period: 2.746ns (frequency: 364.153MHz)
  Total number of paths / destination ports: 428 / 50
-------------------------------------------------------------------------
Delay:               2.746ns (Levels of Logic = 2)
  Source:            cnt_2 (FF)
  Destination:       DATO_OK (FF)
  Source Clock:      CLK rising
  Destination Clock: CLK rising

  Data Path: cnt_2 to DATO_OK
                                Gate     Net
    Cell:in->out      fanout   Delay   Delay  Logical Name (Net Name)
    ----------------------------------------  ------------
     FDCE:C->Q             2   0.447   0.981  cnt_2 (cnt_2)
     LUT6:I0->O            1   0.203   0.808  prescalerCounter[6]_dato_ok_trigger_AND_2_o3 (prescalerCounter[6]_dato_ok_trigger_AND_2_o4)
     LUT6:I3->O            1   0.205   0.000  prescalerCounter[6]_dato_ok_trigger_AND_2_o5 (prescalerCounter[6]_dato_ok_trigger_AND_2_o)
     FDC:D                     0.102          DATO_OK
    ----------------------------------------
    Total                      2.746ns (0.957ns logic, 1.789ns route)
                                       (34.8% logic, 65.2% route)

=========================================================================
Timing constraint: Default OFFSET IN BEFORE for Clock 'CLK'
  Total number of paths / destination ports: 60 / 51
-------------------------------------------------------------------------
Offset:              3.598ns (Levels of Logic = 3)
  Source:            DIR<5> (PAD)
  Destination:       state (FF)
  Destination Clock: CLK rising

  Data Path: DIR<5> to state
                                Gate     Net
    Cell:in->out      fanout   Delay   Delay  Logical Name (Net Name)
    ----------------------------------------  ------------
     IBUF:I->O             1   1.222   0.944  DIR_5_IBUF (DIR_5_IBUF)
     LUT6:I0->O            1   0.203   0.924  _n0050_inv_SW0 (N3)
     LUT6:I1->O            1   0.203   0.000  state_rstpot (state_rstpot)
     FDC:D                     0.102          state
    ----------------------------------------
    Total                      3.598ns (1.730ns logic, 1.868ns route)
                                       (48.1% logic, 51.9% route)

=========================================================================
Timing constraint: Default OFFSET OUT AFTER for Clock 'CLK'
  Total number of paths / destination ports: 9 / 9
-------------------------------------------------------------------------
Offset:              3.668ns (Levels of Logic = 1)
  Source:            cnt_15 (FF)
  Destination:       ADDR_OUT<7> (PAD)
  Source Clock:      CLK rising

  Data Path: cnt_15 to ADDR_OUT<7>
                                Gate     Net
    Cell:in->out      fanout   Delay   Delay  Logical Name (Net Name)
    ----------------------------------------  ------------
     FDCE:C->Q             3   0.447   0.650  cnt_15 (cnt_15)
     OBUF:I->O                 2.571          ADDR_OUT_7_OBUF (ADDR_OUT<7>)
    ----------------------------------------
    Total                      3.668ns (3.018ns logic, 0.650ns route)
                                       (82.3% logic, 17.7% route)

=========================================================================

Cross Clock Domains Report:
--------------------------

Clock to Setup on destination clock CLK
---------------+---------+---------+---------+---------+
               | Src:Rise| Src:Fall| Src:Rise| Src:Fall|
Source Clock   |Dest:Rise|Dest:Rise|Dest:Fall|Dest:Fall|
---------------+---------+---------+---------+---------+
CLK            |    2.746|         |         |         |
---------------+---------+---------+---------+---------+

=========================================================================


Total REAL time to Xst completion: 11.00 secs
Total CPU time to Xst completion: 10.51 secs
 
--> 

Total memory usage is 260296 kilobytes

Number of errors   :    0 (   0 filtered)
Number of warnings :    0 (   0 filtered)
Number of infos    :    0 (   0 filtered)

