Release 14.7 - xst P.20131013 (nt64)
Copyright (c) 1995-2013 Xilinx, Inc.  All rights reserved.
--> Parameter TMPDIR set to xst/projnav.tmp


Total REAL time to Xst completion: 0.00 secs
Total CPU time to Xst completion: 0.19 secs
 
--> Parameter xsthdpdir set to xst


Total REAL time to Xst completion: 0.00 secs
Total CPU time to Xst completion: 0.19 secs
 
--> Reading design: cnt_dpram.prj

TABLE OF CONTENTS
  1) Synthesis Options Summary
  2) HDL Parsing
  3) HDL Elaboration
  4) HDL Synthesis
       4.1) HDL Synthesis Report
  5) Advanced HDL Synthesis
       5.1) Advanced HDL Synthesis Report
  6) Low Level Synthesis
  7) Partition Report
  8) Design Summary
       8.1) Primitive and Black Box Usage
       8.2) Device utilization summary
       8.3) Partition Resource Summary
       8.4) Timing Report
            8.4.1) Clock Information
            8.4.2) Asynchronous Control Signals Information
            8.4.3) Timing Summary
            8.4.4) Timing Details
            8.4.5) Cross Clock Domains Report


=========================================================================
*                      Synthesis Options Summary                        *
=========================================================================
---- Source Parameters
Input File Name                    : "cnt_dpram.prj"
Ignore Synthesis Constraint File   : NO

---- Target Parameters
Output File Name                   : "cnt_dpram"
Output Format                      : NGC
Target Device                      : xc6slx45-3-csg324

---- Source Options
Top Module Name                    : cnt_dpram
Automatic FSM Extraction           : YES
FSM Encoding Algorithm             : Auto
Safe Implementation                : No
FSM Style                          : LUT
RAM Extraction                     : Yes
RAM Style                          : Auto
ROM Extraction                     : Yes
Shift Register Extraction          : YES
ROM Style                          : Auto
Resource Sharing                   : YES
Asynchronous To Synchronous        : NO
Shift Register Minimum Size        : 2
Use DSP Block                      : Auto
Automatic Register Balancing       : No

---- Target Options
LUT Combining                      : Auto
Reduce Control Sets                : Auto
Add IO Buffers                     : YES
Global Maximum Fanout              : 100000
Add Generic Clock Buffer(BUFG)     : 16
Register Duplication               : YES
Optimize Instantiated Primitives   : NO
Use Clock Enable                   : Auto
Use Synchronous Set                : Auto
Use Synchronous Reset              : Auto
Pack IO Registers into IOBs        : Auto
Equivalent register Removal        : YES

---- General Options
Optimization Goal                  : Speed
Optimization Effort                : 1
Power Reduction                    : NO
Keep Hierarchy                     : No
Netlist Hierarchy                  : As_Optimized
RTL Output                         : Yes
Global Optimization                : AllClockNets
Read Cores                         : YES
Write Timing Constraints           : NO
Cross Clock Analysis               : NO
Hierarchy Separator                : /
Bus Delimiter                      : <>
Case Specifier                     : Maintain
Slice Utilization Ratio            : 100
BRAM Utilization Ratio             : 100
DSP48 Utilization Ratio            : 100
Auto BRAM Packing                  : NO
Slice Utilization Ratio Delta      : 5

=========================================================================


=========================================================================
*                          HDL Parsing                                  *
=========================================================================
Parsing VHDL file "C:\Users\christopher\Dropbox\workspace\modelado14\cnt_dpram\cnt_dpram.vhd" into library work
Parsing entity <cnt_dpram>.
Parsing architecture <RTL> of entity <cnt_dpram>.

=========================================================================
*                            HDL Elaboration                            *
=========================================================================

Elaborating entity <cnt_dpram> (architecture <RTL>) from library <work>.

=========================================================================
*                           HDL Synthesis                               *
=========================================================================

Synthesizing Unit <cnt_dpram>.
    Related source file is "C:\Users\christopher\Dropbox\workspace\modelado14\cnt_dpram\cnt_dpram.vhd".
    Found 1-bit register for signal <CEcounter>.
    Found 1-bit register for signal <WE_DP1>.
    Found 1-bit register for signal <WE_DP2>.
    Found 1-bit register for signal <clearCounter>.
    Found 3-bit register for signal <state>.
    Found 8-bit register for signal <dirPrev>.
    Found 8-bit register for signal <dirActual>.
    Found 8-bit register for signal <ADDRESS>.
    Found finite state machine <FSM_0> for signal <state>.
    -----------------------------------------------------------------------
    | States             | 5                                              |
    | Transitions        | 9                                              |
    | Inputs             | 4                                              |
    | Outputs            | 7                                              |
    | Clock              | CLK (rising_edge)                              |
    | Reset              | RST (positive)                                 |
    | Reset type         | asynchronous                                   |
    | Reset State        | s0                                             |
    | Power Up State     | s0                                             |
    | Encoding           | auto                                           |
    | Implementation     | LUT                                            |
    -----------------------------------------------------------------------
    Found 8-bit adder for signal <counter[7]_GND_4_o_add_2_OUT> created at line 1241.
    Found 8-bit comparator equal for signal <dirPrev[7]_dirActual[7]_equal_12_o> created at line 91
    Summary:
	inferred   1 Adder/Subtractor(s).
	inferred  28 D-type flip-flop(s).
	inferred   1 Comparator(s).
	inferred   2 Multiplexer(s).
	inferred   1 Finite State Machine(s).
Unit <cnt_dpram> synthesized.

=========================================================================
HDL Synthesis Report

Macro Statistics
# Adders/Subtractors                                   : 1
 8-bit adder                                           : 1
# Registers                                            : 7
 1-bit register                                        : 4
 8-bit register                                        : 3
# Comparators                                          : 1
 8-bit comparator equal                                : 1
# Multiplexers                                         : 2
 8-bit 2-to-1 multiplexer                              : 2
# FSMs                                                 : 1

=========================================================================

=========================================================================
*                       Advanced HDL Synthesis                          *
=========================================================================


=========================================================================
Advanced HDL Synthesis Report

Macro Statistics
# Adders/Subtractors                                   : 1
 8-bit adder                                           : 1
# Registers                                            : 28
 Flip-Flops                                            : 28
# Comparators                                          : 1
 8-bit comparator equal                                : 1
# Multiplexers                                         : 2
 8-bit 2-to-1 multiplexer                              : 2
# FSMs                                                 : 1

=========================================================================

=========================================================================
*                         Low Level Synthesis                           *
=========================================================================
Analyzing FSM <MFsm> for best encoding.
Optimizing FSM <FSM_0> on signal <state[1:3]> with user encoding.
-------------------
 State | Encoding
-------------------
 s0    | 000
 s1    | 001
 s2    | 010
 s3    | 011
 s4    | 100
-------------------

Optimizing unit <cnt_dpram> ...

Mapping all equations...
Building and optimizing final netlist ...
Found area constraint ratio of 100 (+ 5) on block cnt_dpram, actual ratio is 0.

Final Macro Processing ...

=========================================================================
Final Register Report

Macro Statistics
# Registers                                            : 31
 Flip-Flops                                            : 31

=========================================================================

=========================================================================
*                           Partition Report                            *
=========================================================================

Partition Implementation Status
-------------------------------

  No Partitions were found in this design.

-------------------------------

=========================================================================
*                            Design Summary                             *
=========================================================================

Top Level Output File Name         : cnt_dpram.ngc

Primitive and Black Box Usage:
------------------------------
# BELS                             : 27
#      LUT2                        : 5
#      LUT3                        : 5
#      LUT4                        : 2
#      LUT5                        : 2
#      LUT6                        : 13
# FlipFlops/Latches                : 31
#      FDC                         : 7
#      FDCE                        : 24
# Clock Buffers                    : 1
#      BUFGP                       : 1
# IO Buffers                       : 37
#      IBUF                        : 19
#      OBUF                        : 18

Device utilization summary:
---------------------------

Selected Device : 6slx45csg324-3 


Slice Logic Utilization: 
 Number of Slice Registers:              31  out of  54576     0%  
 Number of Slice LUTs:                   27  out of  27288     0%  
    Number used as Logic:                27  out of  27288     0%  

Slice Logic Distribution: 
 Number of LUT Flip Flop pairs used:     43
   Number with an unused Flip Flop:      12  out of     43    27%  
   Number with an unused LUT:            16  out of     43    37%  
   Number of fully used LUT-FF pairs:    15  out of     43    34%  
   Number of unique control sets:         4

IO Utilization: 
 Number of IOs:                          38
 Number of bonded IOBs:                  38  out of    218    17%  

Specific Feature Utilization:
 Number of BUFG/BUFGCTRLs:                1  out of     16     6%  

---------------------------
Partition Resource Summary:
---------------------------

  No Partitions were found in this design.

---------------------------


=========================================================================
Timing Report

NOTE: THESE TIMING NUMBERS ARE ONLY A SYNTHESIS ESTIMATE.
      FOR ACCURATE TIMING INFORMATION PLEASE REFER TO THE TRACE REPORT
      GENERATED AFTER PLACE-and-ROUTE.

Clock Information:
------------------
-----------------------------------+------------------------+-------+
Clock Signal                       | Clock buffer(FF name)  | Load  |
-----------------------------------+------------------------+-------+
CLK                                | BUFGP                  | 31    |
-----------------------------------+------------------------+-------+

Asynchronous Control Signals Information:
----------------------------------------
No asynchronous control signals found in this design

Timing Summary:
---------------
Speed Grade: -3

   Minimum period: 3.494ns (Maximum Frequency: 286.242MHz)
   Minimum input arrival time before clock: 4.647ns
   Maximum output required time after clock: 3.791ns
   Maximum combinational path delay: 4.372ns

Timing Details:
---------------
All values displayed in nanoseconds (ns)

=========================================================================
Timing constraint: Default period analysis for Clock 'CLK'
  Clock period: 3.494ns (frequency: 286.242MHz)
  Total number of paths / destination ports: 145 / 39
-------------------------------------------------------------------------
Delay:               3.494ns (Levels of Logic = 3)
  Source:            dirActual_6 (FF)
  Destination:       state_FSM_FFd3 (FF)
  Source Clock:      CLK rising
  Destination Clock: CLK rising

  Data Path: dirActual_6 to state_FSM_FFd3
                                Gate     Net
    Cell:in->out      fanout   Delay   Delay  Logical Name (Net Name)
    ----------------------------------------  ------------
     FDCE:C->Q             1   0.447   0.944  dirActual_6 (dirActual_6)
     LUT6:I0->O            1   0.203   0.808  state_FSM_FFd3-In7_SW0 (N01)
     LUT6:I3->O            1   0.205   0.580  state_FSM_FFd3-In7 (state_FSM_FFd3-In8)
     LUT6:I5->O            1   0.205   0.000  state_FSM_FFd3-In9 (state_FSM_FFd3-In)
     FDC:D                     0.102          state_FSM_FFd3
    ----------------------------------------
    Total                      3.494ns (1.162ns logic, 2.332ns route)
                                       (33.3% logic, 66.7% route)

=========================================================================
Timing constraint: Default OFFSET IN BEFORE for Clock 'CLK'
  Total number of paths / destination ports: 74 / 51
-------------------------------------------------------------------------
Offset:              4.647ns (Levels of Logic = 4)
  Source:            DIR<7> (PAD)
  Destination:       state_FSM_FFd3 (FF)
  Destination Clock: CLK rising

  Data Path: DIR<7> to state_FSM_FFd3
                                Gate     Net
    Cell:in->out      fanout   Delay   Delay  Logical Name (Net Name)
    ----------------------------------------  ------------
     IBUF:I->O             3   1.222   1.015  DIR_7_IBUF (DIR_7_IBUF)
     LUT6:I0->O            3   0.203   1.015  state_FSM_FFd3-In21 (state_FSM_FFd3-In2)
     LUT6:I0->O            1   0.203   0.684  state_FSM_FFd3-In1 (state_FSM_FFd3-In1)
     LUT6:I4->O            1   0.203   0.000  state_FSM_FFd3-In9 (state_FSM_FFd3-In)
     FDC:D                     0.102          state_FSM_FFd3
    ----------------------------------------
    Total                      4.647ns (1.933ns logic, 2.714ns route)
                                       (41.6% logic, 58.4% route)

=========================================================================
Timing constraint: Default OFFSET OUT AFTER for Clock 'CLK'
  Total number of paths / destination ports: 10 / 10
-------------------------------------------------------------------------
Offset:              3.791ns (Levels of Logic = 1)
  Source:            counter_0 (FF)
  Destination:       ADDRESS<0> (PAD)
  Source Clock:      CLK rising

  Data Path: counter_0 to ADDRESS<0>
                                Gate     Net
    Cell:in->out      fanout   Delay   Delay  Logical Name (Net Name)
    ----------------------------------------  ------------
     FDCE:C->Q             7   0.447   0.773  counter_0 (counter_0)
     OBUF:I->O                 2.571          ADDRESS_0_OBUF (ADDRESS<0>)
    ----------------------------------------
    Total                      3.791ns (3.018ns logic, 0.773ns route)
                                       (79.6% logic, 20.4% route)

=========================================================================
Timing constraint: Default path analysis
  Total number of paths / destination ports: 8 / 8
-------------------------------------------------------------------------
Delay:               4.372ns (Levels of Logic = 2)
  Source:            DATO<7> (PAD)
  Destination:       DATA<7> (PAD)

  Data Path: DATO<7> to DATA<7>
                                Gate     Net
    Cell:in->out      fanout   Delay   Delay  Logical Name (Net Name)
    ----------------------------------------  ------------
     IBUF:I->O             1   1.222   0.579  DATO_7_IBUF (DATA_7_OBUF)
     OBUF:I->O                 2.571          DATA_7_OBUF (DATA<7>)
    ----------------------------------------
    Total                      4.372ns (3.793ns logic, 0.579ns route)
                                       (86.8% logic, 13.2% route)

=========================================================================

Cross Clock Domains Report:
--------------------------

Clock to Setup on destination clock CLK
---------------+---------+---------+---------+---------+
               | Src:Rise| Src:Fall| Src:Rise| Src:Fall|
Source Clock   |Dest:Rise|Dest:Rise|Dest:Fall|Dest:Fall|
---------------+---------+---------+---------+---------+
CLK            |    3.494|         |         |         |
---------------+---------+---------+---------+---------+

=========================================================================


Total REAL time to Xst completion: 10.00 secs
Total CPU time to Xst completion: 10.62 secs
 
--> 

Total memory usage is 261064 kilobytes

Number of errors   :    0 (   0 filtered)
Number of warnings :    0 (   0 filtered)
Number of infos    :    0 (   0 filtered)

